Note: gnd in a subcircuit is not set to 0 automatically

Note: Compatibility modes selected: ps


Circuit: * probe generale ngspice per un doppio gate driver invertente tc4423-like.

Doing analysis at TEMP = 27.000000 and TNOM = 27.000000

Using SPARSE 1.3 as Direct Linear Solver

Initial Transient Solution
--------------------------

Node                                   Voltage
----                                   -------
vdd                                         12
ina                                          0
inb                                          5
xdrv.na                                     12
xdrv.nb                            2.69685e-07
outa                                   11.4545
outb                                  0.545455
nm                                    0.545455
vdiff                                  10.9091
bdiff#branch                                 0
b.xdrv.bdb#branch                      1.09091
b.xdrv.bda#branch                     -1.09091
lmotor#branch                          1.09091
vb#branch                                    0
va#branch                                    0
vsup#branch                                  0


No. of Data Rows : 849

  Measurements for Transient Analysis

vdiff_pos           =  -1.09091e+01 at=  1.79732e-03
vdiff_neg           =  1.09091e+01 at=  3.79985e-03


Total analysis time (seconds) = 0.0103068

Total elapsed time (seconds) = 0.046 

Total DRAM available = 32239.535 MB.
DRAM currently available = 14344.270 MB.
Maximum ngspice program size =   14.992 MB.
Current ngspice program size =   14.992 MB.

